[18:23:44.562] [INFO] Storybook Upgrade - v9.0.12
[18:23:44.571] [INFO] detect-projects-spinner-start: Detecting projects...
[18:23:44.573] [DEBUG] Finding Storybook projects...
[18:23:44.602] [DEBUG] Found 1 Storybook projects
[18:23:44.603] [INFO] detect-projects-spinner: Detecting projects: 1 projects
[18:23:44.604] [DEBUG] Getting Storybook data...
[18:23:44.604] [DEBUG] Getting Storybook info...
[18:23:44.604] [DEBUG] Loading main config...
[18:23:44.673] [DEBUG] Getting stories paths...
[18:23:44.691] [DEBUG] Getting package manager...
[18:23:45.318] [DEBUG] Getting Storybook version...
[18:23:45.319] [DEBUG] /packages/uikit/.storybook - Validating before version... 8.6.12
[18:23:45.319] [DEBUG] /packages/uikit/.storybook - Validating upgrade compatibility...
[18:23:45.319] [DEBUG] /packages/uikit/.storybook - Fetching NPM version information...
[18:23:45.320] [DEBUG] Getting CLI versions from NPM for storybook...
[18:23:45.324] [DEBUG] Getting CLI versions from NPM for storybook@next...
[18:23:46.239] [DEBUG] /packages/uikit/.storybook - Evaluating blockers...
[18:23:46.242] [DEBUG] Getting installed version for @storybook/experimental-addon-test...
[18:23:46.713] [INFO] detect-projects-spinner-stop: 1 project detected
[18:23:46.714] [DEBUG] Found 1 valid projects and 0 error projects
[18:23:46.714] [INFO] Upgrading from 8.6.12 to 9.0.12
[18:23:46.720] [INFO] upgrade-dependencies-task-start: Fetching versions to update package.json files..
[18:23:46.720] [DEBUG] Updating dependencies in /packages/uikit/.storybook...
[18:23:46.725] [INFO] upgrade-dependencies-task: /packages/uikit/package.json
/package.json
[18:23:46.726] [DEBUG] {
  "upgradedDependencies": []
}
[18:23:46.726] [DEBUG] {
  "upgradedDevDependencies": [
    "@storybook/addon-a11y@^9.0.12",
    "@storybook/addon-links@^9.0.12",
    "@storybook/addon-themes@^9.0.12",
    "@storybook/react@^9.0.12",
    "@storybook/react-vite@^9.0.12",
    "eslint-plugin-storybook@^9.0.12",
    "storybook@^9.0.12"
  ]
}
[18:23:46.726] [DEBUG] {
  "upgradedPeerDependencies": []
}
[18:23:46.726] [DEBUG] Getting CLI versions from NPM for @storybook/addon-a11y...
[18:23:47.837] [DEBUG] Getting CLI versions from NPM for @storybook/addon-links...
[18:23:48.787] [DEBUG] Getting CLI versions from NPM for @storybook/addon-themes...
[18:23:50.778] [DEBUG] Getting CLI versions from NPM for @storybook/react...
[18:23:51.718] [DEBUG] Getting CLI versions from NPM for @storybook/react-vite...
[18:23:52.527] [DEBUG] Getting CLI versions from NPM for eslint-plugin-storybook...
[18:23:53.156] [DEBUG] Using cached version for storybook...
[18:23:53.160] [DEBUG] {
  "upgradedDependencies": []
}
[18:23:53.160] [DEBUG] {
  "upgradedDevDependencies": []
}
[18:23:53.160] [DEBUG] {
  "upgradedPeerDependencies": []
}
[18:23:53.161] [INFO] upgrade-dependencies-task-success: Updated package versions in package.json files
[18:23:53.161] [INFO] detect-automigrations-task-start: Detecting automigrations...
[18:23:53.161] [DEBUG] Starting automigration collection across 1 projects and 15 fixes...
[18:23:53.167] [INFO] detect-automigrations-task: Checking automigrations for /packages/uikit/.storybook...
[18:23:53.167] [DEBUG] Processing project: /packages/uikit/.storybook
[18:23:53.167] [DEBUG] Checking fix eslintPlugin for project /packages/uikit/.storybook...
[18:23:53.177] [DEBUG] Checking fix addon-mdx-gfm-remove for project /packages/uikit/.storybook...
[18:23:53.178] [DEBUG] Checking fix addon-storysource-code-panel for project /packages/uikit/.storybook...
[18:23:53.178] [DEBUG] Checking fix upgrade-storybook-related-dependencies for project /packages/uikit/.storybook...
[18:23:53.178] [DEBUG] Checking for incompatible storybook packages...
[18:23:53.179] [DEBUG] Getting installed version for @storybook/addon-essentials...
[18:23:53.181] [DEBUG] Getting installed version for @storybook/addon-interactions...
[18:23:53.183] [DEBUG] Getting installed version for @storybook/blocks...
[18:23:53.711] [DEBUG] Getting CLI versions from NPM for @storybook/addon-essentials...
[18:23:53.713] [DEBUG] Getting CLI versions from NPM for @storybook/addon-interactions...
[18:23:53.717] [DEBUG] Getting CLI versions from NPM for @storybook/blocks...
[18:23:54.658] [DEBUG] Checking fix initial-globals for project /packages/uikit/.storybook...
[18:23:54.689] [DEBUG] Checking fix addon-a11y-addon-test for project /packages/uikit/.storybook...
[18:23:54.690] [DEBUG] Checking fix consolidated-imports for project /packages/uikit/.storybook...
[18:23:54.690] [DEBUG] Checking fix addon-experimental-test for project /packages/uikit/.storybook...
[18:23:54.690] [DEBUG] Using cached installed version for @storybook/experimental-addon-test...
[18:23:54.690] [DEBUG] Checking fix rnstorybook-config for project /packages/uikit/.storybook...
[18:23:54.691] [DEBUG] Checking fix remove-addon-interactions for project /packages/uikit/.storybook...
[18:23:54.691] [DEBUG] Checking fix renderer-to-framework for project /packages/uikit/.storybook...
[18:23:54.691] [DEBUG] Checking fix remove-essential-addons for project /packages/uikit/.storybook...
[18:23:54.692] [DEBUG] Checking fix addon-a11y-parameters for project /packages/uikit/.storybook...
[18:23:54.726] [DEBUG] Checking fix remove-docs-autodocs for project /packages/uikit/.storybook...
[18:23:54.731] [DEBUG] Checking fix wrap-require for project /packages/uikit/.storybook...
[18:23:54.741] [INFO] detect-automigrations-task: 
Automigrations detected:
[18:23:54.748] [INFO] detect-automigrations-task: ✔ upgrade-storybook-related-dependencies
[18:23:54.754] [INFO] detect-automigrations-task: ✔ consolidated-imports
[18:23:54.760] [INFO] detect-automigrations-task: ✔ remove-addon-interactions
[18:23:54.766] [INFO] detect-automigrations-task: ✔ renderer-to-framework
[18:23:54.772] [INFO] detect-automigrations-task: ✔ remove-essential-addons
[18:23:54.779] [INFO] detect-automigrations-task: ✔ remove-docs-autodocs
[18:23:54.785] [INFO] detect-automigrations-task: ✔ wrap-require
[18:23:54.786] [INFO] detect-automigrations-task-success: 7 automigration(s) detected
[18:25:14.485] [PROMPT] Select automigrations to run {"choice":["upgrade-storybook-related-dependencies","consolidated-imports","remove-addon-interactions","renderer-to-framework","remove-essential-addons","remove-docs-autodocs","wrap-require"]}
[18:25:14.486] [INFO] automigrate-/packages/uikit/.storybook-task-start: Running automigrations for /packages/uikit/.storybook
[18:25:14.494] [INFO] automigrate-/packages/uikit/.storybook-task: ✔ upgrade-storybook-related-dependencies
[18:25:14.511] [INFO] automigrate-/packages/uikit/.storybook-task: ✔ consolidated-imports
[18:25:14.516] [DEBUG] Uninstalling @storybook/addon-interactions
[18:25:14.516] [DEBUG] Removing '@storybook/addon-interactions' from main.js addons field.
[18:25:14.529] [INFO] automigrate-/packages/uikit/.storybook-task: ✔ remove-addon-interactions
[18:25:14.529] [DEBUG] 
Migrating @storybook/react to @storybook/react-vite
[18:25:14.539] [DEBUG] Updating package.json files...
[18:25:14.545] [INFO] automigrate-/packages/uikit/.storybook-task: ✔ renderer-to-framework
[18:25:14.548] [DEBUG] Uninstalling @storybook/addon-essentials
[18:25:14.548] [DEBUG] Removing '@storybook/addon-essentials' from main.js addons field.
[18:25:14.556] [DEBUG] Getting Storybook info...
[18:25:14.557] [DEBUG] Loading main config...
[18:25:14.565] [DEBUG] Getting stories paths...
[18:25:14.565] [DEBUG] Getting package manager...
[18:25:14.574] [DEBUG] Getting Storybook version...
[18:25:14.584] [INFO] automigrate-/packages/uikit/.storybook-task: Verifying @storybook/addon-docs
[18:25:14.591] [INFO] automigrate-/packages/uikit/.storybook-task: Installing @storybook/addon-docs@^9.0.12
[18:25:14.591] [DEBUG] Getting CLI versions from NPM for @storybook/addon-docs...
[18:25:16.390] [INFO] automigrate-/packages/uikit/.storybook-task: Adding '@storybook/addon-docs' to the "addons" field in
/home/tony/Clients/Infonomic/Projects/uikit/packages/uikit/.storybook/main.ts
[18:25:16.412] [INFO] automigrate-/packages/uikit/.storybook-task: ✔ remove-essential-addons
[18:25:16.418] [INFO] automigrate-/packages/uikit/.storybook-task: 🔄 Updating docs parameter in main config file...
[18:25:16.429] [INFO] automigrate-/packages/uikit/.storybook-task: ✔ remove-docs-autodocs
[18:25:16.444] [INFO] automigrate-/packages/uikit/.storybook-task: ✔ wrap-require
[18:25:16.444] [INFO] automigrate-/packages/uikit/.storybook-task-success: Completed automigrations for /packages/uikit/.storybook
[18:25:16.444] [INFO] Installing dependencies...
[18:25:16.445] [INFO] install-dependencies-task-start: Installing dependencies...
[18:25:16.789] [INFO] Scope: all 4 workspace projects
[18:25:16.795] [INFO] install-dependencies-task: Scope: all 4 workspace projects
[18:25:17.025] [INFO] ../..                                    | Progress: resolved 0, reused 1, downloaded 0, added 0
[18:25:17.035] [INFO] install-dependencies-task: ../..                                    | Progress: resolved 0, reused 1,
downloaded 0, added 0
[18:25:17.416] [INFO] ╭──────────────────────────────────────────╮
   │                                          │
   │   Update available! 10.8.1 → 10.12.1.    │
   │   Changelog: https://pnpm.io/v/10.12.1   │
   │     To update, run: pnpm self-update     │
   │                                          │
   ╰──────────────────────────────────────────╯
[18:25:17.423] [INFO] install-dependencies-task: ╭──────────────────────────────────────────╮
│                                          │
│   Update available! 10.8.1 → 10.12.1.    │
│   Changelog: https://pnpm.io/v/10.12.1   │
│     To update, run: pnpm self-update     │
│                                          │
╰──────────────────────────────────────────╯
[18:25:18.045] [INFO] ../..                                    | Progress: resolved 227, reused 192, downloaded 1, added 0
[18:25:18.052] [INFO] install-dependencies-task: ../..                                    | Progress: resolved 227, reused 192,
downloaded 1, added 0
[18:25:19.054] [INFO] ../..                                    | Progress: resolved 1094, reused 921, downloaded 7, added 0
[18:25:19.060] [INFO] install-dependencies-task: ../..                                    | Progress: resolved 1094, reused 921,
downloaded 7, added 0
[18:25:20.055] [INFO] ../..                                    | Progress: resolved 1130, reused 956, downloaded 10, added 0
[18:25:20.062] [INFO] install-dependencies-task: ../..                                    | Progress: resolved 1130, reused 956,
downloaded 10, added 0
[18:25:21.056] [INFO] ../..                                    | Progress: resolved 1137, reused 963, downloaded 11, added 0
[18:25:21.063] [INFO] install-dependencies-task: ../..                                    | Progress: resolved 1137, reused 963,
downloaded 11, added 0
[18:25:22.055] [INFO] ../..                                    | Progress: resolved 1207, reused 1010, downloaded 11, added 0
[18:25:22.063] [INFO] install-dependencies-task: ../..                                    | Progress: resolved 1207, reused 1010,
downloaded 11, added 0
[18:25:23.057] [INFO] ../..                                    | Progress: resolved 1209, reused 1012, downloaded 11, added 0
[18:25:23.064] [INFO] install-dependencies-task: ../..                                    | Progress: resolved 1209, reused 1012,
downloaded 11, added 0
[18:25:23.617] [INFO] WARN  2 deprecated subdependencies found: glob@7.2.3, inflight@1.0.6
[18:25:23.623] [INFO] install-dependencies-task: WARN  2 deprecated subdependencies found: glob@7.2.3, inflight@1.0.6
[18:25:24.056] [INFO] ../..                                    | Progress: resolved 1212, reused 1015, downloaded 11, added 0
[18:25:24.063] [INFO] install-dependencies-task: ../..                                    | Progress: resolved 1212, reused 1015,
downloaded 11, added 0
[18:25:24.214] [INFO] ../..                                    |  +25 +++
[18:25:24.220] [INFO] install-dependencies-task: ../..                                    |  +25 +++
[18:25:24.331] [INFO] ../..                                    | Progress: resolved 1212, reused 1015, downloaded 11, added 25, done
[18:25:24.337] [INFO] install-dependencies-task: ../..                                    | Progress: resolved 1212, reused 1015,
downloaded 11, added 25, done
[18:25:25.084] [INFO] devDependencies:
- @storybook/addon-a11y 8.6.12
+ @storybook/addon-a11y 9.0.12
+ @storybook/addon-docs 9.0.12
- @storybook/addon-essentials 8.6.12
- @storybook/addon-interactions 8.6.12
- @storybook/addon-links 8.6.12
+ @storybook/addon-links 9.0.12
- @storybook/addon-themes 8.6.12
+ @storybook/addon-themes 9.0.12
- @storybook/blocks 8.6.12
- @storybook/react 8.6.12
- @storybook/react-vite 8.6.12
+ @storybook/react-vite 9.0.12
- eslint-plugin-storybook 0.12.0
+ eslint-plugin-storybook 9.0.12
- storybook 8.6.12
+ storybook 9.0.12
[18:25:25.092] [INFO] install-dependencies-task: devDependencies:
- @storybook/addon-a11y 8.6.12
+ @storybook/addon-a11y 9.0.12
+ @storybook/addon-docs 9.0.12
- @storybook/addon-essentials 8.6.12
- @storybook/addon-interactions 8.6.12
- @storybook/addon-links 8.6.12
+ @storybook/addon-links 9.0.12
- @storybook/addon-themes 8.6.12
+ @storybook/addon-themes 9.0.12
- @storybook/blocks 8.6.12
- @storybook/react 8.6.12
- @storybook/react-vite 8.6.12
+ @storybook/react-vite 9.0.12
- eslint-plugin-storybook 0.12.0
+ eslint-plugin-storybook 9.0.12
- storybook 8.6.12
+ storybook 9.0.12
[18:25:25.184] [INFO] Done in 8.5s using pnpm v10.8.1
[18:25:25.190] [INFO] install-dependencies-task: Done in 8.5s using pnpm v10.8.1
[18:25:25.298] [INFO] Dependencies installed
[18:25:25.298] [INFO] install-dependencies-task-success: Dependencies installed
[18:25:25.298] [WARN] Since you are in a monorepo, we advise you to deduplicate your dependencies. We can do this for you but it might take some time.
[18:25:38.426] [PROMPT] Execute pnpm run dedupe? {"choice":true}
[18:25:38.426] [INFO] Deduplicating dependencies...
[18:25:38.426] [INFO] dedupe-dependencies-task-start: Deduplicating dependencies...
[18:25:38.940] [INFO] ../..                                    | Progress: resolved 1, reused 0, downloaded 0, added 0
[18:25:38.947] [INFO] dedupe-dependencies-task: ../..                                    | Progress: resolved 1, reused 0,
downloaded 0, added 0
[18:25:39.940] [INFO] ../..                                    | Progress: resolved 33, reused 32, downloaded 0, added 0
[18:25:39.947] [INFO] dedupe-dependencies-task: ../..                                    | Progress: resolved 33, reused 32,
downloaded 0, added 0
[18:25:40.941] [INFO] ../..                                    | Progress: resolved 48, reused 48, downloaded 0, added 0
[18:25:40.948] [INFO] dedupe-dependencies-task: ../..                                    | Progress: resolved 48, reused 48,
downloaded 0, added 0
[18:25:41.943] [INFO] ../..                                    | Progress: resolved 189, reused 161, downloaded 0, added 0
[18:25:41.950] [INFO] dedupe-dependencies-task: ../..                                    | Progress: resolved 189, reused 161,
downloaded 0, added 0
[18:25:42.943] [INFO] ../..                                    | Progress: resolved 398, reused 339, downloaded 0, added 0
[18:25:42.951] [INFO] dedupe-dependencies-task: ../..                                    | Progress: resolved 398, reused 339,
downloaded 0, added 0
[18:25:43.961] [INFO] ../..                                    | Progress: resolved 576, reused 499, downloaded 0, added 0
[18:25:43.968] [INFO] dedupe-dependencies-task: ../..                                    | Progress: resolved 576, reused 499,
downloaded 0, added 0
[18:25:44.961] [INFO] ../..                                    | Progress: resolved 770, reused 646, downloaded 0, added 0
[18:25:44.969] [INFO] dedupe-dependencies-task: ../..                                    | Progress: resolved 770, reused 646,
downloaded 0, added 0
[18:25:45.961] [INFO] ../..                                    | Progress: resolved 954, reused 791, downloaded 0, added 0
[18:25:45.969] [INFO] dedupe-dependencies-task: ../..                                    | Progress: resolved 954, reused 791,
downloaded 0, added 0
[18:25:46.962] [INFO] ../..                                    | Progress: resolved 1089, reused 925, downloaded 0, added 0
[18:25:46.969] [INFO] dedupe-dependencies-task: ../..                                    | Progress: resolved 1089, reused 925,
downloaded 0, added 0
[18:25:47.962] [INFO] ../..                                    | Progress: resolved 1132, reused 968, downloaded 0, added 0
[18:25:47.969] [INFO] dedupe-dependencies-task: ../..                                    | Progress: resolved 1132, reused 968,
downloaded 0, added 0
[18:25:48.962] [INFO] ../..                                    | Progress: resolved 1135, reused 972, downloaded 0, added 0
[18:25:48.969] [INFO] dedupe-dependencies-task: ../..                                    | Progress: resolved 1135, reused 972,
downloaded 0, added 0
[18:25:49.962] [INFO] ../..                                    | Progress: resolved 1177, reused 991, downloaded 0, added 0
[18:25:49.970] [INFO] dedupe-dependencies-task: ../..                                    | Progress: resolved 1177, reused 991,
downloaded 0, added 0
[18:25:50.558] [INFO] WARN  2 deprecated subdependencies found: glob@7.2.3, inflight@1.0.6
[18:25:50.564] [INFO] dedupe-dependencies-task: WARN  2 deprecated subdependencies found: glob@7.2.3, inflight@1.0.6
[18:25:50.624] [INFO] ../..                                    |   +2 +
[18:25:50.631] [INFO] dedupe-dependencies-task: ../..                                    |   +2 +
[18:25:50.683] [INFO] ../..                                    | Progress: resolved 1212, reused 1026, downloaded 0, added 2, done
[18:25:50.689] [INFO] dedupe-dependencies-task: ../..                                    | Progress: resolved 1212, reused 1026,
downloaded 0, added 2, done
[18:25:51.355] [INFO] 
[18:25:51.361] [INFO] dedupe-dependencies-task: 
[18:25:51.540] [INFO] Dependencies deduplicated
[18:25:51.540] [INFO] dedupe-dependencies-task-success: Dependencies deduplicated
[18:25:51.540] [INFO] Checking the health of your project(s)..
[18:25:51.547] [ERROR] Failed to run doctor checks for project ./.storybook:
Error: No Storybook dependencies found in the package.json
[18:25:51.554] [ERROR] /packages/uikit/.storybook: 1 problem found
[18:25:51.559] [INFO] Failed to run doctor checks: No Storybook dependencies found in the package.json
[18:25:51.559] [INFO] Configuration Error
[18:25:51.565] [INFO] Failed to run doctor checks: No Storybook dependencies found in the package.json
[18:25:51.570] [INFO] Storybook doctor is complete!
[18:25:51.576] [INFO] You can always recheck the health of your project(s) by running:
npx storybook doctor
[18:25:51.582] [INFO] The upgrade is complete!
[18:25:51.587] [INFO] Your project(s) have been upgraded successfully, but some issues were found which need your attention, please check Storybook doctor logs above.
[18:25:51.629] [INFO] If you want to learn more about the automigrations that executed in your project(s), please check the following links:

• upgrade-storybook-related-dependencies
• consolidated-imports
• remove-addon-interactions
• renderer-to-framework
• remove-essential-addons
• remove-docs-autodocs
• wrap-require
[18:25:51.636] [INFO] For a full list of changes, please check our migration guide: https://storybook.js.org/docs/migration-guide